// Vitest Snapshot v1, https://vitest.dev/guide/snapshot.html

exports[`Register > matches snapshot 1`] = `
<DocumentFragment>
  <form
    class="bg-white px-8 pt-6 pb-8 mb-4"
  >
    <div
      class="mb-4"
    >
      <label
        class="block text-gray-700 text-sm font-bold mb-2"
        for="username"
      >
        Nazwa użytkownika
      </label>
      <input
        class="shadow appearance-none border rounded w-full py-2 px-3 text-gray-700 leading-tight focus:outline-none focus:shadow-outline"
        id="username"
        name="username"
        placeholder="Nazwa użytkownika"
        type="text"
      />
    </div>
    <div
      class="mb-4"
    >
      <label
        class="block text-gray-700 text-sm font-bold mb-2"
        for="first_name"
      >
        Imię
      </label>
      <input
        class="shadow appearance-none border rounded w-full py-2 px-3 text-gray-700 leading-tight focus:outline-none focus:shadow-outline"
        id="first_name"
        name="first_name"
        placeholder="Imię"
        type="text"
      />
    </div>
    <div
      class="mb-4"
    >
      <label
        class="block text-gray-700 text-sm font-bold mb-2"
        for="last_name"
      >
        Nazwisko
      </label>
      <input
        class="shadow appearance-none border rounded w-full py-2 px-3 text-gray-700 leading-tight focus:outline-none focus:shadow-outline"
        id="last_name"
        name="last_name"
        placeholder="Nazwisko"
        type="text"
      />
    </div>
    <div
      class="mb-4"
    >
      <label
        class="block text-gray-700 text-sm font-bold mb-2"
        for="email"
      >
        Adres e-mail
      </label>
      <input
        class="shadow appearance-none border rounded w-full py-2 px-3 text-gray-700 leading-tight focus:outline-none focus:shadow-outline"
        id="email"
        name="email"
        placeholder="email"
        type="text"
      />
    </div>
    <div
      class="mb-6"
    >
      <label
        class="block text-gray-700 text-sm font-bold mb-2"
        for="password"
      >
        Hasło
      </label>
      <input
        class="shadow appearance-none border rounded w-full py-2 px-3 text-gray-700 mb-3 leading-tight focus:outline-none focus:shadow-outline"
        id="password"
        name="password"
        placeholder="******************"
        type="password"
      />
    </div>
    <div
      class="flex items-center justify-between"
    >
      <button
        class="bg-blue-500 hover:bg-blue-700 text-white font-bold py-2 px-4 rounded focus:outline-none focus:shadow-outline"
        disabled=""
        type="submit"
      >
        Zarejestruj
      </button>
    </div>
  </form>
</DocumentFragment>
`;
