// Vitest Snapshot v1, https://vitest.dev/guide/snapshot.html

exports[`Vehicles > matches snapshot 1`] = `
<DocumentFragment>
  <div>
    <h1>
      Vehicles
    </h1>
    <ul />
  </div>
</DocumentFragment>
`;
